// Jest Snapshot v1, https://goo.gl/fbAQLP

exports[`Testing if recipeViewer correctly renders 1`] = `<recipeViewer />`;
